// Jest Snapshot v1, https://goo.gl/fbAQLP

exports[`<NavList /> renders correctly and match snapshot 1`] = `
<li
  className="nav-item"
>
  <a
    className="nav-link "
    href="/"
    onClick={[Function]}
  >
    Example
  </a>
</li>
`;
