// Jest Snapshot v1, https://goo.gl/fbAQLP

exports[`<Paragraph /> renders correctly and match snapshot 1`] = `
<p>
  Example
</p>
`;
