// Jest Snapshot v1, https://goo.gl/fbAQLP

exports[`<Button /> renders correctly and match snapshot 1`] = `
<button
  className="btn btn-primary"
  onClick={[MockFunction]}
  type="button"
>
  Example
</button>
`;
