// Jest Snapshot v1, https://goo.gl/fbAQLP

exports[`<Main /> renders correctly and match snapshot 1`] = `
<div
  className="spinner"
>
  <div
    className="spinner-grow"
    role="status"
  >
    <span
      className="sr-only "
    >
      Loading...
    </span>
  </div>
</div>
`;
