// Jest Snapshot v1, https://goo.gl/fbAQLP

exports[`<Card /> renders correctly and match snapshot 1`] = `
<div
  className="card"
>
  <p>
    Example
  </p>
</div>
`;
