// Jest Snapshot v1, https://goo.gl/fbAQLP

exports[`<Heading /> renders correctly h1 and match snapshot 1`] = `
<h1
  className="h1"
>
  Example h1
</h1>
`;

exports[`<Heading /> renders correctly h2 and match snapshot 1`] = `
<h2
  className="h2"
>
  Example h2
</h2>
`;

exports[`<Heading /> renders correctly h3 and match snapshot 1`] = `
<h3
  className="h3"
>
  Example h3
</h3>
`;
