// Jest Snapshot v1, https://goo.gl/fbAQLP

exports[`<Layout /> renders correctly and match snapshot 1`] = `
<div
  className="container-fluid"
>
  <p>
    Example
  </p>
</div>
`;
