// Jest Snapshot v1, https://goo.gl/fbAQLP

exports[`<NavLink /> renders correctly and match snapshot 1`] = `
<a
  className="nav-link example"
  href="/"
  onClick={[Function]}
/>
`;
